/global/homes/x/xintang/.local/lib/python3.11/site-packages/hmf/density_field/transfer_models.py:233: UserWarning: 'extrapolate_with_eh' was not set. Defaulting to True, which is different behaviour than versions <=3.4.4. This warning may be removed in v4.0. Silence it by setting extrapolate_with_eh explicitly.
  warnings.warn(
/global/homes/x/xintang/.local/lib/python3.11/site-packages/hmf/density_field/transfer_models.py:233: UserWarning: 'extrapolate_with_eh' was not set. Defaulting to True, which is different behaviour than versions <=3.4.4. This warning may be removed in v4.0. Silence it by setting extrapolate_with_eh explicitly.
  warnings.warn(
/global/homes/x/xintang/.local/lib/python3.11/site-packages/hmf/density_field/transfer_models.py:233: UserWarning: 'extrapolate_with_eh' was not set. Defaulting to True, which is different behaviour than versions <=3.4.4. This warning may be removed in v4.0. Silence it by setting extrapolate_with_eh explicitly.
  warnings.warn(
/global/homes/x/xintang/.local/lib/python3.11/site-packages/hmf/density_field/transfer_models.py:233: UserWarning: 'extrapolate_with_eh' was not set. Defaulting to True, which is different behaviour than versions <=3.4.4. This warning may be removed in v4.0. Silence it by setting extrapolate_with_eh explicitly.
  warnings.warn(
/global/homes/x/xintang/.local/lib/python3.11/site-packages/hmf/density_field/transfer_models.py:233: UserWarning: 'extrapolate_with_eh' was not set. Defaulting to True, which is different behaviour than versions <=3.4.4. This warning may be removed in v4.0. Silence it by setting extrapolate_with_eh explicitly.
  warnings.warn(
/global/homes/x/xintang/.local/lib/python3.11/site-packages/hmf/density_field/transfer_models.py:233: UserWarning: 'extrapolate_with_eh' was not set. Defaulting to True, which is different behaviour than versions <=3.4.4. This warning may be removed in v4.0. Silence it by setting extrapolate_with_eh explicitly.
  warnings.warn(
/global/homes/x/xintang/.local/lib/python3.11/site-packages/hmf/density_field/transfer_models.py:233: UserWarning: 'extrapolate_with_eh' was not set. Defaulting to True, which is different behaviour than versions <=3.4.4. This warning may be removed in v4.0. Silence it by setting extrapolate_with_eh explicitly.
  warnings.warn(
/global/homes/x/xintang/.local/lib/python3.11/site-packages/hmf/density_field/transfer_models.py:233: UserWarning: 'extrapolate_with_eh' was not set. Defaulting to True, which is different behaviour than versions <=3.4.4. This warning may be removed in v4.0. Silence it by setting extrapolate_with_eh explicitly.
  warnings.warn(
/global/homes/x/xintang/.local/lib/python3.11/site-packages/hmf/density_field/transfer_models.py:233: UserWarning: 'extrapolate_with_eh' was not set. Defaulting to True, which is different behaviour than versions <=3.4.4. This warning may be removed in v4.0. Silence it by setting extrapolate_with_eh explicitly.
  warnings.warn(
/global/homes/x/xintang/.local/lib/python3.11/site-packages/hmf/density_field/transfer_models.py:233: UserWarning: 'extrapolate_with_eh' was not set. Defaulting to True, which is different behaviour than versions <=3.4.4. This warning may be removed in v4.0. Silence it by setting extrapolate_with_eh explicitly.
  warnings.warn(
/global/homes/x/xintang/.local/lib/python3.11/site-packages/hmf/density_field/transfer_models.py:233: UserWarning: 'extrapolate_with_eh' was not set. Defaulting to True, which is different behaviour than versions <=3.4.4. This warning may be removed in v4.0. Silence it by setting extrapolate_with_eh explicitly.
  warnings.warn(
/global/homes/x/xintang/.local/lib/python3.11/site-packages/hmf/density_field/transfer_models.py:233: UserWarning: 'extrapolate_with_eh' was not set. Defaulting to True, which is different behaviour than versions <=3.4.4. This warning may be removed in v4.0. Silence it by setting extrapolate_with_eh explicitly.
  warnings.warn(
/global/homes/x/xintang/.local/lib/python3.11/site-packages/hmf/density_field/transfer_models.py:233: UserWarning: 'extrapolate_with_eh' was not set. Defaulting to True, which is different behaviour than versions <=3.4.4. This warning may be removed in v4.0. Silence it by setting extrapolate_with_eh explicitly.
  warnings.warn(
/global/homes/x/xintang/.local/lib/python3.11/site-packages/hmf/density_field/transfer_models.py:233: UserWarning: 'extrapolate_with_eh' was not set. Defaulting to True, which is different behaviour than versions <=3.4.4. This warning may be removed in v4.0. Silence it by setting extrapolate_with_eh explicitly.
  warnings.warn(
/global/homes/x/xintang/.local/lib/python3.11/site-packages/hmf/density_field/transfer_models.py:233: UserWarning: 'extrapolate_with_eh' was not set. Defaulting to True, which is different behaviour than versions <=3.4.4. This warning may be removed in v4.0. Silence it by setting extrapolate_with_eh explicitly.
  warnings.warn(
/global/homes/x/xintang/.local/lib/python3.11/site-packages/hmf/density_field/transfer_models.py:233: UserWarning: 'extrapolate_with_eh' was not set. Defaulting to True, which is different behaviour than versions <=3.4.4. This warning may be removed in v4.0. Silence it by setting extrapolate_with_eh explicitly.
  warnings.warn(
/global/homes/x/xintang/.local/lib/python3.11/site-packages/hmf/density_field/transfer_models.py:233: UserWarning: 'extrapolate_with_eh' was not set. Defaulting to True, which is different behaviour than versions <=3.4.4. This warning may be removed in v4.0. Silence it by setting extrapolate_with_eh explicitly.
  warnings.warn(
/global/homes/x/xintang/.local/lib/python3.11/site-packages/hmf/density_field/transfer_models.py:233: UserWarning: 'extrapolate_with_eh' was not set. Defaulting to True, which is different behaviour than versions <=3.4.4. This warning may be removed in v4.0. Silence it by setting extrapolate_with_eh explicitly.
  warnings.warn(
/global/homes/x/xintang/.local/lib/python3.11/site-packages/hmf/density_field/transfer_models.py:233: UserWarning: 'extrapolate_with_eh' was not set. Defaulting to True, which is different behaviour than versions <=3.4.4. This warning may be removed in v4.0. Silence it by setting extrapolate_with_eh explicitly.
  warnings.warn(
/global/homes/x/xintang/.local/lib/python3.11/site-packages/hmf/density_field/transfer_models.py:233: UserWarning: 'extrapolate_with_eh' was not set. Defaulting to True, which is different behaviour than versions <=3.4.4. This warning may be removed in v4.0. Silence it by setting extrapolate_with_eh explicitly.
  warnings.warn(
/global/homes/x/xintang/.local/lib/python3.11/site-packages/hmf/density_field/transfer_models.py:233: UserWarning: 'extrapolate_with_eh' was not set. Defaulting to True, which is different behaviour than versions <=3.4.4. This warning may be removed in v4.0. Silence it by setting extrapolate_with_eh explicitly.
  warnings.warn(
/global/homes/x/xintang/.local/lib/python3.11/site-packages/hmf/density_field/transfer_models.py:233: UserWarning: 'extrapolate_with_eh' was not set. Defaulting to True, which is different behaviour than versions <=3.4.4. This warning may be removed in v4.0. Silence it by setting extrapolate_with_eh explicitly.
  warnings.warn(
/global/homes/x/xintang/.local/lib/python3.11/site-packages/hmf/density_field/transfer_models.py:233: UserWarning: 'extrapolate_with_eh' was not set. Defaulting to True, which is different behaviour than versions <=3.4.4. This warning may be removed in v4.0. Silence it by setting extrapolate_with_eh explicitly.
  warnings.warn(
/global/homes/x/xintang/.local/lib/python3.11/site-packages/hmf/density_field/transfer_models.py:233: UserWarning: 'extrapolate_with_eh' was not set. Defaulting to True, which is different behaviour than versions <=3.4.4. This warning may be removed in v4.0. Silence it by setting extrapolate_with_eh explicitly.
  warnings.warn(
/global/homes/x/xintang/.local/lib/python3.11/site-packages/hmf/density_field/transfer_models.py:233: UserWarning: 'extrapolate_with_eh' was not set. Defaulting to True, which is different behaviour than versions <=3.4.4. This warning may be removed in v4.0. Silence it by setting extrapolate_with_eh explicitly.
  warnings.warn(
/global/homes/x/xintang/.local/lib/python3.11/site-packages/hmf/density_field/transfer_models.py:233: UserWarning: 'extrapolate_with_eh' was not set. Defaulting to True, which is different behaviour than versions <=3.4.4. This warning may be removed in v4.0. Silence it by setting extrapolate_with_eh explicitly.
  warnings.warn(
/global/homes/x/xintang/.local/lib/python3.11/site-packages/hmf/density_field/transfer_models.py:233: UserWarning: 'extrapolate_with_eh' was not set. Defaulting to True, which is different behaviour than versions <=3.4.4. This warning may be removed in v4.0. Silence it by setting extrapolate_with_eh explicitly.
  warnings.warn(
/global/homes/x/xintang/.local/lib/python3.11/site-packages/hmf/density_field/transfer_models.py:233: UserWarning: 'extrapolate_with_eh' was not set. Defaulting to True, which is different behaviour than versions <=3.4.4. This warning may be removed in v4.0. Silence it by setting extrapolate_with_eh explicitly.
  warnings.warn(
/global/homes/x/xintang/.local/lib/python3.11/site-packages/hmf/density_field/transfer_models.py:233: UserWarning: 'extrapolate_with_eh' was not set. Defaulting to True, which is different behaviour than versions <=3.4.4. This warning may be removed in v4.0. Silence it by setting extrapolate_with_eh explicitly.
  warnings.warn(
/global/homes/x/xintang/.local/lib/python3.11/site-packages/hmf/density_field/transfer_models.py:233: UserWarning: 'extrapolate_with_eh' was not set. Defaulting to True, which is different behaviour than versions <=3.4.4. This warning may be removed in v4.0. Silence it by setting extrapolate_with_eh explicitly.
  warnings.warn(
/global/homes/x/xintang/.local/lib/python3.11/site-packages/hmf/density_field/transfer_models.py:233: UserWarning: 'extrapolate_with_eh' was not set. Defaulting to True, which is different behaviour than versions <=3.4.4. This warning may be removed in v4.0. Silence it by setting extrapolate_with_eh explicitly.
  warnings.warn(
/global/homes/x/xintang/.local/lib/python3.11/site-packages/hmf/density_field/transfer_models.py:233: UserWarning: 'extrapolate_with_eh' was not set. Defaulting to True, which is different behaviour than versions <=3.4.4. This warning may be removed in v4.0. Silence it by setting extrapolate_with_eh explicitly.
  warnings.warn(
/global/homes/x/xintang/.local/lib/python3.11/site-packages/hmf/density_field/transfer_models.py:233: UserWarning: 'extrapolate_with_eh' was not set. Defaulting to True, which is different behaviour than versions <=3.4.4. This warning may be removed in v4.0. Silence it by setting extrapolate_with_eh explicitly.
  warnings.warn(
/global/homes/x/xintang/.local/lib/python3.11/site-packages/hmf/density_field/transfer_models.py:233: UserWarning: 'extrapolate_with_eh' was not set. Defaulting to True, which is different behaviour than versions <=3.4.4. This warning may be removed in v4.0. Silence it by setting extrapolate_with_eh explicitly.
  warnings.warn(
/global/homes/x/xintang/.local/lib/python3.11/site-packages/hmf/density_field/transfer_models.py:233: UserWarning: 'extrapolate_with_eh' was not set. Defaulting to True, which is different behaviour than versions <=3.4.4. This warning may be removed in v4.0. Silence it by setting extrapolate_with_eh explicitly.
  warnings.warn(
/global/homes/x/xintang/.local/lib/python3.11/site-packages/hmf/density_field/transfer_models.py:233: UserWarning: 'extrapolate_with_eh' was not set. Defaulting to True, which is different behaviour than versions <=3.4.4. This warning may be removed in v4.0. Silence it by setting extrapolate_with_eh explicitly.
  warnings.warn(
/global/homes/x/xintang/.local/lib/python3.11/site-packages/hmf/density_field/transfer_models.py:233: UserWarning: 'extrapolate_with_eh' was not set. Defaulting to True, which is different behaviour than versions <=3.4.4. This warning may be removed in v4.0. Silence it by setting extrapolate_with_eh explicitly.
  warnings.warn(
/global/homes/x/xintang/.local/lib/python3.11/site-packages/hmf/density_field/transfer_models.py:233: UserWarning: 'extrapolate_with_eh' was not set. Defaulting to True, which is different behaviour than versions <=3.4.4. This warning may be removed in v4.0. Silence it by setting extrapolate_with_eh explicitly.
  warnings.warn(
/global/homes/x/xintang/.local/lib/python3.11/site-packages/hmf/density_field/transfer_models.py:233: UserWarning: 'extrapolate_with_eh' was not set. Defaulting to True, which is different behaviour than versions <=3.4.4. This warning may be removed in v4.0. Silence it by setting extrapolate_with_eh explicitly.
  warnings.warn(
/global/homes/x/xintang/.local/lib/python3.11/site-packages/hmf/density_field/transfer_models.py:233: UserWarning: 'extrapolate_with_eh' was not set. Defaulting to True, which is different behaviour than versions <=3.4.4. This warning may be removed in v4.0. Silence it by setting extrapolate_with_eh explicitly.
  warnings.warn(
/global/homes/x/xintang/.local/lib/python3.11/site-packages/hmf/density_field/transfer_models.py:233: UserWarning: 'extrapolate_with_eh' was not set. Defaulting to True, which is different behaviour than versions <=3.4.4. This warning may be removed in v4.0. Silence it by setting extrapolate_with_eh explicitly.
  warnings.warn(
/global/homes/x/xintang/.local/lib/python3.11/site-packages/hmf/density_field/transfer_models.py:233: UserWarning: 'extrapolate_with_eh' was not set. Defaulting to True, which is different behaviour than versions <=3.4.4. This warning may be removed in v4.0. Silence it by setting extrapolate_with_eh explicitly.
  warnings.warn(
/global/homes/x/xintang/.local/lib/python3.11/site-packages/hmf/density_field/transfer_models.py:233: UserWarning: 'extrapolate_with_eh' was not set. Defaulting to True, which is different behaviour than versions <=3.4.4. This warning may be removed in v4.0. Silence it by setting extrapolate_with_eh explicitly.
  warnings.warn(
/global/homes/x/xintang/.local/lib/python3.11/site-packages/hmf/density_field/transfer_models.py:233: UserWarning: 'extrapolate_with_eh' was not set. Defaulting to True, which is different behaviour than versions <=3.4.4. This warning may be removed in v4.0. Silence it by setting extrapolate_with_eh explicitly.
  warnings.warn(
/global/homes/x/xintang/.local/lib/python3.11/site-packages/hmf/density_field/transfer_models.py:233: UserWarning: 'extrapolate_with_eh' was not set. Defaulting to True, which is different behaviour than versions <=3.4.4. This warning may be removed in v4.0. Silence it by setting extrapolate_with_eh explicitly.
  warnings.warn(
/global/homes/x/xintang/.local/lib/python3.11/site-packages/hmf/density_field/transfer_models.py:233: UserWarning: 'extrapolate_with_eh' was not set. Defaulting to True, which is different behaviour than versions <=3.4.4. This warning may be removed in v4.0. Silence it by setting extrapolate_with_eh explicitly.
  warnings.warn(
/global/homes/x/xintang/.local/lib/python3.11/site-packages/hmf/density_field/transfer_models.py:233: UserWarning: 'extrapolate_with_eh' was not set. Defaulting to True, which is different behaviour than versions <=3.4.4. This warning may be removed in v4.0. Silence it by setting extrapolate_with_eh explicitly.
  warnings.warn(
/global/homes/x/xintang/.local/lib/python3.11/site-packages/hmf/density_field/transfer_models.py:233: UserWarning: 'extrapolate_with_eh' was not set. Defaulting to True, which is different behaviour than versions <=3.4.4. This warning may be removed in v4.0. Silence it by setting extrapolate_with_eh explicitly.
  warnings.warn(
/global/homes/x/xintang/.local/lib/python3.11/site-packages/hmf/density_field/transfer_models.py:233: UserWarning: 'extrapolate_with_eh' was not set. Defaulting to True, which is different behaviour than versions <=3.4.4. This warning may be removed in v4.0. Silence it by setting extrapolate_with_eh explicitly.
  warnings.warn(
/global/homes/x/xintang/.local/lib/python3.11/site-packages/hmf/density_field/transfer_models.py:233: UserWarning: 'extrapolate_with_eh' was not set. Defaulting to True, which is different behaviour than versions <=3.4.4. This warning may be removed in v4.0. Silence it by setting extrapolate_with_eh explicitly.
  warnings.warn(
/global/homes/x/xintang/.local/lib/python3.11/site-packages/hmf/density_field/transfer_models.py:233: UserWarning: 'extrapolate_with_eh' was not set. Defaulting to True, which is different behaviour than versions <=3.4.4. This warning may be removed in v4.0. Silence it by setting extrapolate_with_eh explicitly.
  warnings.warn(
/global/homes/x/xintang/.local/lib/python3.11/site-packages/hmf/density_field/transfer_models.py:233: UserWarning: 'extrapolate_with_eh' was not set. Defaulting to True, which is different behaviour than versions <=3.4.4. This warning may be removed in v4.0. Silence it by setting extrapolate_with_eh explicitly.
  warnings.warn(
/global/homes/x/xintang/.local/lib/python3.11/site-packages/hmf/density_field/transfer_models.py:233: UserWarning: 'extrapolate_with_eh' was not set. Defaulting to True, which is different behaviour than versions <=3.4.4. This warning may be removed in v4.0. Silence it by setting extrapolate_with_eh explicitly.
  warnings.warn(
/global/homes/x/xintang/.local/lib/python3.11/site-packages/hmf/density_field/transfer_models.py:233: UserWarning: 'extrapolate_with_eh' was not set. Defaulting to True, which is different behaviour than versions <=3.4.4. This warning may be removed in v4.0. Silence it by setting extrapolate_with_eh explicitly.
  warnings.warn(
/global/homes/x/xintang/.local/lib/python3.11/site-packages/hmf/density_field/transfer_models.py:233: UserWarning: 'extrapolate_with_eh' was not set. Defaulting to True, which is different behaviour than versions <=3.4.4. This warning may be removed in v4.0. Silence it by setting extrapolate_with_eh explicitly.
  warnings.warn(
/global/homes/x/xintang/.local/lib/python3.11/site-packages/hmf/density_field/transfer_models.py:233: UserWarning: 'extrapolate_with_eh' was not set. Defaulting to True, which is different behaviour than versions <=3.4.4. This warning may be removed in v4.0. Silence it by setting extrapolate_with_eh explicitly.
  warnings.warn(
/global/homes/x/xintang/.local/lib/python3.11/site-packages/hmf/density_field/transfer_models.py:233: UserWarning: 'extrapolate_with_eh' was not set. Defaulting to True, which is different behaviour than versions <=3.4.4. This warning may be removed in v4.0. Silence it by setting extrapolate_with_eh explicitly.
  warnings.warn(
/global/homes/x/xintang/.local/lib/python3.11/site-packages/hmf/density_field/transfer_models.py:233: UserWarning: 'extrapolate_with_eh' was not set. Defaulting to True, which is different behaviour than versions <=3.4.4. This warning may be removed in v4.0. Silence it by setting extrapolate_with_eh explicitly.
  warnings.warn(
/global/homes/x/xintang/.local/lib/python3.11/site-packages/hmf/density_field/transfer_models.py:233: UserWarning: 'extrapolate_with_eh' was not set. Defaulting to True, which is different behaviour than versions <=3.4.4. This warning may be removed in v4.0. Silence it by setting extrapolate_with_eh explicitly.
  warnings.warn(
/global/homes/x/xintang/.local/lib/python3.11/site-packages/hmf/density_field/transfer_models.py:233: UserWarning: 'extrapolate_with_eh' was not set. Defaulting to True, which is different behaviour than versions <=3.4.4. This warning may be removed in v4.0. Silence it by setting extrapolate_with_eh explicitly.
  warnings.warn(
/global/homes/x/xintang/.local/lib/python3.11/site-packages/hmf/density_field/transfer_models.py:233: UserWarning: 'extrapolate_with_eh' was not set. Defaulting to True, which is different behaviour than versions <=3.4.4. This warning may be removed in v4.0. Silence it by setting extrapolate_with_eh explicitly.
  warnings.warn(
/global/homes/x/xintang/.local/lib/python3.11/site-packages/hmf/density_field/transfer_models.py:233: UserWarning: 'extrapolate_with_eh' was not set. Defaulting to True, which is different behaviour than versions <=3.4.4. This warning may be removed in v4.0. Silence it by setting extrapolate_with_eh explicitly.
  warnings.warn(
/global/homes/x/xintang/.local/lib/python3.11/site-packages/hmf/density_field/transfer_models.py:233: UserWarning: 'extrapolate_with_eh' was not set. Defaulting to True, which is different behaviour than versions <=3.4.4. This warning may be removed in v4.0. Silence it by setting extrapolate_with_eh explicitly.
  warnings.warn(
/global/homes/x/xintang/.local/lib/python3.11/site-packages/hmf/density_field/transfer_models.py:233: UserWarning: 'extrapolate_with_eh' was not set. Defaulting to True, which is different behaviour than versions <=3.4.4. This warning may be removed in v4.0. Silence it by setting extrapolate_with_eh explicitly.
  warnings.warn(
/global/homes/x/xintang/.local/lib/python3.11/site-packages/hmf/density_field/transfer_models.py:233: UserWarning: 'extrapolate_with_eh' was not set. Defaulting to True, which is different behaviour than versions <=3.4.4. This warning may be removed in v4.0. Silence it by setting extrapolate_with_eh explicitly.
  warnings.warn(
/global/homes/x/xintang/.local/lib/python3.11/site-packages/hmf/density_field/transfer_models.py:233: UserWarning: 'extrapolate_with_eh' was not set. Defaulting to True, which is different behaviour than versions <=3.4.4. This warning may be removed in v4.0. Silence it by setting extrapolate_with_eh explicitly.
  warnings.warn(
/global/homes/x/xintang/.local/lib/python3.11/site-packages/hmf/density_field/transfer_models.py:233: UserWarning: 'extrapolate_with_eh' was not set. Defaulting to True, which is different behaviour than versions <=3.4.4. This warning may be removed in v4.0. Silence it by setting extrapolate_with_eh explicitly.
  warnings.warn(
/global/homes/x/xintang/.local/lib/python3.11/site-packages/hmf/density_field/transfer_models.py:233: UserWarning: 'extrapolate_with_eh' was not set. Defaulting to True, which is different behaviour than versions <=3.4.4. This warning may be removed in v4.0. Silence it by setting extrapolate_with_eh explicitly.
  warnings.warn(
/global/homes/x/xintang/.local/lib/python3.11/site-packages/hmf/density_field/transfer_models.py:233: UserWarning: 'extrapolate_with_eh' was not set. Defaulting to True, which is different behaviour than versions <=3.4.4. This warning may be removed in v4.0. Silence it by setting extrapolate_with_eh explicitly.
  warnings.warn(
/global/homes/x/xintang/.local/lib/python3.11/site-packages/hmf/density_field/transfer_models.py:233: UserWarning: 'extrapolate_with_eh' was not set. Defaulting to True, which is different behaviour than versions <=3.4.4. This warning may be removed in v4.0. Silence it by setting extrapolate_with_eh explicitly.
  warnings.warn(
/global/homes/x/xintang/.local/lib/python3.11/site-packages/hmf/density_field/transfer_models.py:233: UserWarning: 'extrapolate_with_eh' was not set. Defaulting to True, which is different behaviour than versions <=3.4.4. This warning may be removed in v4.0. Silence it by setting extrapolate_with_eh explicitly.
  warnings.warn(
/global/homes/x/xintang/.local/lib/python3.11/site-packages/hmf/density_field/transfer_models.py:233: UserWarning: 'extrapolate_with_eh' was not set. Defaulting to True, which is different behaviour than versions <=3.4.4. This warning may be removed in v4.0. Silence it by setting extrapolate_with_eh explicitly.
  warnings.warn(
/global/homes/x/xintang/.local/lib/python3.11/site-packages/hmf/density_field/transfer_models.py:233: UserWarning: 'extrapolate_with_eh' was not set. Defaulting to True, which is different behaviour than versions <=3.4.4. This warning may be removed in v4.0. Silence it by setting extrapolate_with_eh explicitly.
  warnings.warn(
/global/homes/x/xintang/.local/lib/python3.11/site-packages/hmf/density_field/transfer_models.py:233: UserWarning: 'extrapolate_with_eh' was not set. Defaulting to True, which is different behaviour than versions <=3.4.4. This warning may be removed in v4.0. Silence it by setting extrapolate_with_eh explicitly.
  warnings.warn(
/global/homes/x/xintang/.local/lib/python3.11/site-packages/hmf/density_field/transfer_models.py:233: UserWarning: 'extrapolate_with_eh' was not set. Defaulting to True, which is different behaviour than versions <=3.4.4. This warning may be removed in v4.0. Silence it by setting extrapolate_with_eh explicitly.
  warnings.warn(
/global/homes/x/xintang/.local/lib/python3.11/site-packages/hmf/density_field/transfer_models.py:233: UserWarning: 'extrapolate_with_eh' was not set. Defaulting to True, which is different behaviour than versions <=3.4.4. This warning may be removed in v4.0. Silence it by setting extrapolate_with_eh explicitly.
  warnings.warn(
/global/homes/x/xintang/.local/lib/python3.11/site-packages/hmf/density_field/transfer_models.py:233: UserWarning: 'extrapolate_with_eh' was not set. Defaulting to True, which is different behaviour than versions <=3.4.4. This warning may be removed in v4.0. Silence it by setting extrapolate_with_eh explicitly.
  warnings.warn(
/global/homes/x/xintang/.local/lib/python3.11/site-packages/hmf/density_field/transfer_models.py:233: UserWarning: 'extrapolate_with_eh' was not set. Defaulting to True, which is different behaviour than versions <=3.4.4. This warning may be removed in v4.0. Silence it by setting extrapolate_with_eh explicitly.
  warnings.warn(
/global/homes/x/xintang/.local/lib/python3.11/site-packages/hmf/density_field/transfer_models.py:233: UserWarning: 'extrapolate_with_eh' was not set. Defaulting to True, which is different behaviour than versions <=3.4.4. This warning may be removed in v4.0. Silence it by setting extrapolate_with_eh explicitly.
  warnings.warn(
slurmstepd: error: *** STEP 44298232.0 ON nid004603 CANCELLED AT 2025-10-22T16:49:37 DUE TO TIME LIMIT ***
slurmstepd: error: *** JOB 44298232 ON nid004603 CANCELLED AT 2025-10-22T16:49:37 DUE TO TIME LIMIT ***
srun: Job step aborted: Waiting up to 32 seconds for job step to finish.
